 Assembly Language_final_project

 Timestamp is 5ff19fde (Sun Jan  3 18:43:42 2021)

 Preferred load address is 00400000

 Start         Length     Name                   Class
 0001:00000000 00002710H .text                   CODE
 0001:00002710 00002b63H .text$mn                CODE
 0002:00000000 00000144H .rdata                  DATA
 0002:00000143 00000000H .edata                  DATA
 0002:00000144 000001acH .rdata$zzzdbg           DATA
 0003:00000000 00002b00H .data                   DATA
 0003:00002b00 000002f2H .bss                    DATA
 0004:00000000 000000dcH .idata$5                DATA
 0004:000000dc 00000028H .idata$2                DATA
 0004:00000104 00000014H .idata$3                DATA
 0004:00000118 000000dcH .idata$4                DATA
 0004:000001f4 00000356H .idata$6                DATA
 0005:00000000 00000170H .rsrc$01                DATA
 0005:00000170 000002ccH .rsrc$02                DATA

  Address         Publics by Value              Rva+Base       Lib:Object

 0000:00000000       ___arm64x_redirection_metadata 00000000     <absolute>
 0000:00000000       ___hybrid_code_map         00000000     <absolute>
 0000:00000000       ___arm64x_extra_rfe_table_size 00000000     <absolute>
 0000:00000000       ___x64_code_ranges_to_entry_points_count 00000000     <absolute>
 0000:00000000       ___arm64x_extra_rfe_table  00000000     <absolute>
 0000:00000000       ___guard_iat_count         00000000     <absolute>
 0000:00000000       ___dynamic_value_reloc_table 00000000     <absolute>
 0000:00000000       ___safe_se_handler_count   00000000     <absolute>
 0000:00000000       ___AbsoluteZero            00000000     <absolute>
 0000:00000000       ___hybrid_code_map_count   00000000     <absolute>
 0000:00000000       ___safe_se_handler_table   00000000     <absolute>
 0000:00000000       ___guard_eh_cont_table     00000000     <absolute>
 0000:00000000       ___volatile_metadata       00000000     <absolute>
 0000:00000000       ___enclave_config          00000000     <absolute>
 0000:00000000       ___guard_longjmp_count     00000000     <absolute>
 0000:00000000       ___arm64x_redirection_metadata_count 00000000     <absolute>
 0000:00000000       ___guard_flags             00000000     <absolute>
 0000:00000000       ___guard_longjmp_table     00000000     <absolute>
 0000:00000000       ___arm64x_native_entrypoint 00000000     <absolute>
 0000:00000000       ___hybrid_auxiliary_iat    00000000     <absolute>
 0000:00000000       ___guard_fids_count        00000000     <absolute>
 0000:00000000       ___guard_eh_cont_count     00000000     <absolute>
 0000:00000000       ___x64_code_ranges_to_entry_points 00000000     <absolute>
 0000:00000000       ___guard_iat_table         00000000     <absolute>
 0000:00000000       ___guard_fids_table        00000000     <absolute>
 0001:000002a0       _CloseFile@0               004012a0 f   Irvine32:Irvine32.obj
 0001:000002a7       _Clrscr@0                  004012a7 f   Irvine32:Irvine32.obj
 0001:0000036c       _CreateOutputFile@0        0040136c f   Irvine32:Irvine32.obj
 0001:00000385       _Crlf@0                    00401385 f   Irvine32:Irvine32.obj
 0001:000003a0       _Delay@0                   004013a0 f   Irvine32:Irvine32.obj
 0001:000003a9       _DumpMem@0                 004013a9 f   Irvine32:Irvine32.obj
 0001:00000464       _DumpRegs@0                00401464 f   Irvine32:Irvine32.obj
 0001:0000065f       _GetCommandTail@0          0040165f f   Irvine32:Irvine32.obj
 0001:0000069c       _GetDateTime@4             0040169c f   Irvine32:Irvine32.obj
 0001:000006ce       _GetMaxXY@0                004016ce f   Irvine32:Irvine32.obj
 0001:000006fd       _GetMseconds@0             004016fd f   Irvine32:Irvine32.obj
 0001:0000075a       _GetTextColor@0            0040175a f   Irvine32:Irvine32.obj
 0001:00000785       _Gotoxy@0                  00401785 f   Irvine32:Irvine32.obj
 0001:000007dd       _IsDigit@0                 004017dd f   Irvine32:Irvine32.obj
 0001:000007ea       _MsgBox@0                  004017ea f   Irvine32:Irvine32.obj
 0001:00000801       _MsgBoxAsk@0               00401801 f   Irvine32:Irvine32.obj
 0001:00000820       _OpenInputFile@0           00401820 f   Irvine32:Irvine32.obj
 0001:00000839       _ParseDecimal32@0          00401839 f   Irvine32:Irvine32.obj
 0001:0000089b       _ParseInteger32@0          0040189b f   Irvine32:Irvine32.obj
 0001:00000956       _Random32@0                00401956 f   Irvine32:Irvine32.obj
 0001:00000971       _RandomRange@0             00401971 f   Irvine32:Irvine32.obj
 0001:00000986       _Randomize@0               00401986 f   Irvine32:Irvine32.obj
 0001:0000099f       _ReadChar@0                0040199f f   Irvine32:Irvine32.obj
 0001:000009b5       _ReadDec@0                 004019b5 f   Irvine32:Irvine32.obj
 0001:000009d0       _ReadFromFile@0            004019d0 f   Irvine32:Irvine32.obj
 0001:000009f3       _ReadHex@0                 004019f3 f   Irvine32:Irvine32.obj
 0001:00000a74       _ReadInt@0                 00401a74 f   Irvine32:Irvine32.obj
 0001:00000a8f       _ReadKey@0                 00401a8f f   Irvine32:Irvine32.obj
 0001:00000baa       _ReadKeyFlush@0            00401baa f   Irvine32:Irvine32.obj
 0001:00000c78       _ReadString@0              00401c78 f   Irvine32:Irvine32.obj
 0001:00000d31       _SetTextColor@0            00401d31 f   Irvine32:Irvine32.obj
 0001:00000d52       _StrLength@0               00401d52 f   Irvine32:Irvine32.obj
 0001:00000d63       _Str_compare@8             00401d63 f   Irvine32:Irvine32.obj
 0001:00000d8d       _Str_copy@8                00401d8d f   Irvine32:Irvine32.obj
 0001:00000db0       _Str_length@4              00401db0 f   Irvine32:Irvine32.obj
 0001:00000dca       _Str_trim@8                00401dca f   Irvine32:Irvine32.obj
 0001:00000df8       _Str_ucase@4               00401df8 f   Irvine32:Irvine32.obj
 0001:00000e1a       _WaitMsg@0                 00401e1a f   Irvine32:Irvine32.obj
 0001:00000e2c       _WriteBin@0                00401e2c f   Irvine32:Irvine32.obj
 0001:00000e39       _WriteBinB@0               00401e39 f   Irvine32:Irvine32.obj
 0001:00000e8c       _WriteChar@0               00401e8c f   Irvine32:Irvine32.obj
 0001:00000ebe       _WriteDec@0                00401ebe f   Irvine32:Irvine32.obj
 0001:00000eff       _WriteHex@0                00401eff f   Irvine32:Irvine32.obj
 0001:00000f0c       _WriteHexB@0               00401f0c f   Irvine32:Irvine32.obj
 0001:00000f9e       _WriteInt@0                00401f9e f   Irvine32:Irvine32.obj
 0001:00000fff       _WriteStackFrameName@16    00401fff f   Irvine32:Irvine32.obj
 0001:0000117f       _WriteStackFrame@12        0040217f f   Irvine32:Irvine32.obj
 0001:00001199       _WriteString@0             00402199 f   Irvine32:Irvine32.obj
 0001:000011c5       _WriteToFile@0             004021c5 f   Irvine32:Irvine32.obj
 0001:000011da       _WriteWindowsMsg@0         004021da f   Irvine32:Irvine32.obj
 0001:00002710       _main@0                    00403710 f   main.obj
 0001:0000271c       _PrintWalls@0              0040371c f   main.obj
 0001:000027a0       _DrawFirstScreen@0         004037a0 f   main.obj
 0001:00002ab4       _rule@0                    00403ab4 f   main.obj
 0001:00002ca1       _entername@0               00403ca1 f   main.obj
 0001:00002e55       _ChooseLev@0               00403e55 f   main.obj
 0001:00003017       _drawHUD@0                 00404017 f   main.obj
 0001:000030fc       _createfood@0              004040fc f   main.obj
 0001:000031dd       _grow@0                    004041dd f   main.obj
 0001:000032b1       _SetDirection@16           004042b1 f   main.obj
 0001:000032dc       _presskey@0                004042dc f   main.obj
 0001:00003405       _IsCollision@0             00404405 f   main.obj
 0001:00003447       _movesnake@0               00404447 f   main.obj
 0001:00003581       _bonus@0                   00404581 f   main.obj
 0001:00003977       _gameover@0                00404977 f   main.obj
 0001:00003c01       _startgame@0               00404c01 f   main.obj
 0001:000041a1       _ExitProcess@4             004051a1 f   kernel32:KERNEL32.dll
 0001:000041a7       _Sleep@4                   004051a7 f   kernel32:KERNEL32.dll
 0001:000041ad       _CloseHandle@4             004051ad f   kernel32:KERNEL32.dll
 0001:000041b3       _CreateFileA@28            004051b3 f   kernel32:KERNEL32.dll
 0001:000041b9       _FormatMessageA@28         004051b9 f   kernel32:KERNEL32.dll
 0001:000041bf       _FlushConsoleInputBuffer@4 004051bf f   kernel32:KERNEL32.dll
 0001:000041c5       _GetCommandLineA@0         004051c5 f   kernel32:KERNEL32.dll
 0001:000041cb       _GetConsoleMode@8          004051cb f   kernel32:KERNEL32.dll
 0001:000041d1       _GetConsoleScreenBufferInfo@8 004051d1 f   kernel32:KERNEL32.dll
 0001:000041d7       _GetLastError@0            004051d7 f   kernel32:KERNEL32.dll
 0001:000041dd       _GetLocalTime@4            004051dd f   kernel32:KERNEL32.dll
 0001:000041e3       _GetStdHandle@4            004051e3 f   kernel32:KERNEL32.dll
 0001:000041e9       _GetSystemTime@4           004051e9 f   kernel32:KERNEL32.dll
 0001:000041ef       _LocalFree@4               004051ef f   kernel32:KERNEL32.dll
 0001:000041f5       _PeekConsoleInputA@16      004051f5 f   kernel32:KERNEL32.dll
 0001:000041fb       _ReadConsoleA@20           004051fb f   kernel32:KERNEL32.dll
 0001:00004201       _ReadConsoleInputA@16      00405201 f   kernel32:KERNEL32.dll
 0001:00004207       _ReadFile@20               00405207 f   kernel32:KERNEL32.dll
 0001:0000420d       _SetConsoleCursorPosition@8 0040520d f   kernel32:KERNEL32.dll
 0001:00004213       _SetConsoleMode@8          00405213 f   kernel32:KERNEL32.dll
 0001:00004219       _SetConsoleTextAttribute@8 00405219 f   kernel32:KERNEL32.dll
 0001:0000421f       _SystemTimeToFileTime@8    0040521f f   kernel32:KERNEL32.dll
 0001:00004225       _WriteConsoleA@20          00405225 f   kernel32:KERNEL32.dll
 0001:0000422b       _WriteConsoleOutputCharacterA@20 0040522b f   kernel32:KERNEL32.dll
 0001:00004231       _WriteConsoleOutputAttribute@20 00405231 f   kernel32:KERNEL32.dll
 0001:00004237       _WriteFile@20              00405237 f   kernel32:KERNEL32.dll
 0001:0000423d       _GetKeyState@4             0040523d f   user32:USER32.dll
 0001:00004243       _MessageBoxA@16            00405243 f   user32:USER32.dll
 0004:00000000       __imp__ExitProcess@4       0040b000     kernel32:KERNEL32.dll
 0004:00000004       __imp__Sleep@4             0040b004     kernel32:KERNEL32.dll
 0004:00000008       __imp__CloseHandle@4       0040b008     kernel32:KERNEL32.dll
 0004:0000000c       __imp__CreateFileA@28      0040b00c     kernel32:KERNEL32.dll
 0004:00000010       __imp__FormatMessageA@28   0040b010     kernel32:KERNEL32.dll
 0004:00000014       __imp__FlushConsoleInputBuffer@4 0040b014     kernel32:KERNEL32.dll
 0004:00000018       __imp__GetCommandLineA@0   0040b018     kernel32:KERNEL32.dll
 0004:0000001c       __imp__GetConsoleMode@8    0040b01c     kernel32:KERNEL32.dll
 0004:00000020       __imp__GetConsoleScreenBufferInfo@8 0040b020     kernel32:KERNEL32.dll
 0004:00000024       __imp__GetLastError@0      0040b024     kernel32:KERNEL32.dll
 0004:00000028       __imp__GetLocalTime@4      0040b028     kernel32:KERNEL32.dll
 0004:0000002c       __imp__GetStdHandle@4      0040b02c     kernel32:KERNEL32.dll
 0004:00000030       __imp__GetSystemTime@4     0040b030     kernel32:KERNEL32.dll
 0004:00000034       __imp__LocalFree@4         0040b034     kernel32:KERNEL32.dll
 0004:00000038       __imp__PeekConsoleInputA@16 0040b038     kernel32:KERNEL32.dll
 0004:0000003c       __imp__ReadConsoleA@20     0040b03c     kernel32:KERNEL32.dll
 0004:00000040       __imp__ReadConsoleInputA@16 0040b040     kernel32:KERNEL32.dll
 0004:00000044       __imp__ReadFile@20         0040b044     kernel32:KERNEL32.dll
 0004:00000048       __imp__SetConsoleCursorPosition@8 0040b048     kernel32:KERNEL32.dll
 0004:0000004c       __imp__SetConsoleMode@8    0040b04c     kernel32:KERNEL32.dll
 0004:00000050       __imp__SetConsoleTextAttribute@8 0040b050     kernel32:KERNEL32.dll
 0004:00000054       __imp__SystemTimeToFileTime@8 0040b054     kernel32:KERNEL32.dll
 0004:00000058       __imp__WriteConsoleA@20    0040b058     kernel32:KERNEL32.dll
 0004:0000005c       __imp__WriteConsoleOutputCharacterA@20 0040b05c     kernel32:KERNEL32.dll
 0004:00000060       __imp__WriteConsoleOutputAttribute@20 0040b060     kernel32:KERNEL32.dll
 0004:00000064       __imp__WriteFile@20        0040b064     kernel32:KERNEL32.dll
 0004:00000068       \177KERNEL32_NULL_THUNK_DATA 0040b068     kernel32:KERNEL32.dll
 0004:000000a8       __imp__MessageBoxA@16      0040b0a8     user32:USER32.dll
 0004:000000ac       __imp__GetKeyState@4       0040b0ac     user32:USER32.dll
 0004:000000b0       \177USER32_NULL_THUNK_DATA 0040b0b0     user32:USER32.dll
 0004:000000dc       __IMPORT_DESCRIPTOR_KERNEL32 0040b0dc     kernel32:KERNEL32.dll
 0004:000000f0       __IMPORT_DESCRIPTOR_USER32 0040b0f0     user32:USER32.dll
 0004:00000104       __NULL_IMPORT_DESCRIPTOR   0040b104     kernel32:KERNEL32.dll

 entry point at        0001:0000000a

 Static symbols

 0000:ffff2000       .debug$S                   00400000     kernel32:KERNEL32.dll
 0000:ffff2000       .debug$S                   00400000     kernel32:KERNEL32.dll
 0000:ffff2000       .debug$S                   00400000     kernel32:KERNEL32.dll
 0000:ffff2000       .debug$S                   00400000     kernel32:KERNEL32.dll
 0000:ffff2000       .debug$S                   00400000     kernel32:KERNEL32.dll
 0000:ffff2000       .debug$S                   00400000     kernel32:KERNEL32.dll
 0000:ffff2000       .debug$S                   00400000     kernel32:KERNEL32.dll
 0000:ffff2000       .debug$S                   00400000     kernel32:KERNEL32.dll
 0000:ffff2000       .debug$S                   00400000     kernel32:KERNEL32.dll
 0000:ffff2000       .debug$S                   00400000     kernel32:KERNEL32.dll
 0000:ffff2000       .debug$S                   00400000     kernel32:KERNEL32.dll
 0000:ffff2000       .debug$S                   00400000     kernel32:KERNEL32.dll
 0000:ffff2000       .debug$S                   00400000     kernel32:KERNEL32.dll
 0000:ffff2000       .debug$S                   00400000     kernel32:KERNEL32.dll
 0000:ffff2000       .debug$S                   00400000     kernel32:KERNEL32.dll
 0000:ffff2000       .debug$S                   00400000     kernel32:KERNEL32.dll
 0000:ffff2000       .debug$S                   00400000     kernel32:KERNEL32.dll
 0000:ffff2000       .debug$S                   00400000     kernel32:KERNEL32.dll
 0000:ffff2000       .debug$S                   00400000     kernel32:KERNEL32.dll
 0000:ffff2000       .debug$S                   00400000     kernel32:KERNEL32.dll
 0000:ffff2000       .debug$S                   00400000     kernel32:KERNEL32.dll
 0000:ffff2000       .debug$S                   00400000     kernel32:KERNEL32.dll
 0000:ffff2000       .debug$S                   00400000     kernel32:KERNEL32.dll
 0000:ffff2000       .debug$S                   00400000     kernel32:KERNEL32.dll
 0000:ffff2000       .debug$S                   00400000     kernel32:KERNEL32.dll
 0000:ffff2000       .debug$S                   00400000     kernel32:KERNEL32.dll
 0000:ffff2000       .debug$S                   00400000     user32:USER32.dll
 0000:ffff2000       .debug$S                   00400000     user32:USER32.dll
 0001:00000694       _scan_for_quote@0          00401694 f   Irvine32:Irvine32.obj
 0001:000007bb       _Initialize@0              004017bb f   Irvine32:Irvine32.obj
 0001:00000bbf       _ReadKeyTranslate@0        00401bbf f   Irvine32:Irvine32.obj
 0001:00001235       _AsciiDigit@0              00402235 f   Irvine32:Irvine32.obj
 0001:0000123e       _HexByte@0                 0040223e f   Irvine32:Irvine32.obj
 0001:00002710       $$000000                   00403710     main.obj
 0003:00000000       score                      00408000     main.obj
 0003:00000004       ranbon                     00408004     main.obj
 0003:00000008       foodPoint                  00408008     main.obj
 0003:0000000a       SnakeBody                  0040800a     main.obj
 0003:00000208       speed                      00408208     main.obj
 0003:0000020c       snake                      0040820c     main.obj
 0003:0000020d       choice                     0040820d     main.obj
 0003:0000020e       playerName                 0040820e     main.obj
 0003:0000021c       currentX                   0040821c     main.obj
 0003:0000021d       currentY                   0040821d     main.obj
 0003:0000021e       foodChar0                  0040821e     main.obj
 0003:0000021f       foodChar1                  0040821f     main.obj
 0003:00000220       foodChar2                  00408220     main.obj
 0003:00000221       foodChar3                  00408221     main.obj
 0003:00000222       foodChar4                  00408222     main.obj
 0003:00000223       foodnum                    00408223     main.obj
 0003:00000224       foodrandomnum              00408224     main.obj
 0003:00000228       headIndex                  00408228     main.obj
 0003:00000229       tailIndex                  00408229     main.obj
 0003:0000022a       LEFT                       0040822a     main.obj
 0003:0000022b       RIGHT                      0040822b     main.obj
 0003:0000022c       UP                         0040822c     main.obj
 0003:0000022d       DOWN                       0040822d     main.obj
 0003:0000022e       wrong                      0040822e     main.obj
 0003:00000257       again                      00408257     main.obj
 0003:00000277       good                       00408277     main.obj
 0003:0000029e       excellent                  0040829e     main.obj
 0003:000002c3       ??0000                     004082c3     main.obj
 0003:00000338       ??0001                     00408338     main.obj
 0003:000003ad       ??0002                     004083ad     main.obj
 0003:000003af       ??0003                     004083af     main.obj
 0003:000003b1       ??0004                     004083b1     main.obj
 0003:000003eb       ??0005                     004083eb     main.obj
 0003:00000425       ??0006                     00408425     main.obj
 0003:0000045a       ??0007                     0040845a     main.obj
 0003:00000495       ??0008                     00408495     main.obj
 0003:000004cf       ??0009                     004084cf     main.obj
 0003:0000050a       ??000A                     0040850a     main.obj
 0003:00000563       ??000B                     00408563     main.obj
 0003:000005c0       ??000C                     004085c0     main.obj
 0003:0000061e       ??000D                     0040861e     main.obj
 0003:0000067d       ??000E                     0040867d     main.obj
 0003:000006dd       ??000F                     004086dd     main.obj
 0003:0000073d       ??0010                     0040873d     main.obj
 0003:0000079d       ??0011                     0040879d     main.obj
 0003:000007fd       ??0012                     004087fd     main.obj
 0003:0000085d       ??0013                     0040885d     main.obj
 0003:000008bd       ??0014                     004088bd     main.obj
 0003:0000091d       ??0015                     0040891d     main.obj
 0003:0000097d       ??0016                     0040897d     main.obj
 0003:000009dd       ??0017                     004089dd     main.obj
 0003:00000a3d       ??0018                     00408a3d     main.obj
 0003:00000a63       ??0019                     00408a63     main.obj
 0003:00000a6b       ??001A                     00408a6b     main.obj
 0003:00000a93       ??001B                     00408a93     main.obj
 0003:00000abb       ??001C                     00408abb     main.obj
 0003:00000ae3       ??001D                     00408ae3     main.obj
 0003:00000b3a       ??001E                     00408b3a     main.obj
 0003:00000b92       ??001F                     00408b92     main.obj
 0003:00000be6       ??0020                     00408be6     main.obj
 0003:00000c3d       ??0021                     00408c3d     main.obj
 0003:00000c95       ??0022                     00408c95     main.obj
 0003:00000cec       ??0023                     00408cec     main.obj
 0003:00000d44       ??0024                     00408d44     main.obj
 0003:00000d5f       ??0025                     00408d5f     main.obj
 0003:00000d97       ??0026                     00408d97     main.obj
 0003:00000da9       ??0027                     00408da9     main.obj
 0003:00000de0       ??0028                     00408de0     main.obj
 0003:00000e19       ??0029                     00408e19     main.obj
 0003:00000e43       ??002A                     00408e43     main.obj
 0003:00000e6c       ??002B                     00408e6c     main.obj
 0003:00000e82       ??002C                     00408e82     main.obj
 0003:00000ef1       ??002D                     00408ef1     main.obj
 0003:00000f61       ??002E                     00408f61     main.obj
 0003:00000fd0       ??002F                     00408fd0     main.obj
 0003:0000103f       ??0030                     0040903f     main.obj
 0003:000010ae       ??0031                     004090ae     main.obj
 0003:0000111d       ??0032                     0040911d     main.obj
 0003:0000118c       ??0033                     0040918c     main.obj
 0003:000011fb       ??0034                     004091fb     main.obj
 0003:0000126a       ??0035                     0040926a     main.obj
 0003:000012d9       ??0036                     004092d9     main.obj
 0003:00001348       ??0037                     00409348     main.obj
 0003:00001360       ??0038                     00409360     main.obj
 0003:0000136c       ??0039                     0040936c     main.obj
 0003:00001374       ??003A                     00409374     main.obj
 0003:000013a0       ??003B                     004093a0     main.obj
 0003:000013b4       ??003C                     004093b4     main.obj
 0003:000013c7       ??003D                     004093c7     main.obj
 0003:000013dc       ??003E                     004093dc     main.obj
 0003:000013f1       ??003F                     004093f1     main.obj
 0003:00001404       ??0040                     00409404     main.obj
 0003:00001418       ??0041                     00409418     main.obj
 0003:0000141f       ??0042                     0040941f     main.obj
 0003:00001427       ??0043                     00409427     main.obj
 0003:0000142c       ??0044                     0040942c     main.obj
 0003:00001433       ??0045                     00409433     main.obj
 0003:0000143a       ??0046                     0040943a     main.obj
 0003:0000143f       ??0047                     0040943f     main.obj
 0003:00001447       ??0048                     00409447     main.obj
 0003:00001449       ??0049                     00409449     main.obj
 0003:00001488       ??004A                     00409488     main.obj
 0003:000014c8       ??004B                     004094c8     main.obj
 0003:00001500       ??004C                     00409500     main.obj
 0003:00001538       ??004D                     00409538     main.obj
 0003:00001577       ??004E                     00409577     main.obj
 0003:000015b7       ??004F                     004095b7     main.obj
 0003:000015f7       ??0050                     004095f7     main.obj
 0003:00001637       ??0051                     00409637     main.obj
 0003:00001677       ??0052                     00409677     main.obj
 0003:00001682       ??0053                     00409682     main.obj
 0003:0000168d       ??0054                     0040968d     main.obj
 0003:00001698       ??0055                     00409698     main.obj
 0003:000016a3       ??0056                     004096a3     main.obj
 0003:000016ae       ??0057                     004096ae     main.obj
 0003:000016bc       ??0058                     004096bc     main.obj
 0003:000016cb       ??0059                     004096cb     main.obj
 0003:000016db       ??005A                     004096db     main.obj
 0003:000016ea       ??005B                     004096ea     main.obj
 0003:000016f9       ??005C                     004096f9     main.obj
 0003:00001708       ??005D                     00409708     main.obj
 0003:00001717       ??005E                     00409717     main.obj
 0003:00001725       ??005F                     00409725     main.obj
 0003:00001734       ??0060                     00409734     main.obj
 0003:00001743       ??0061                     00409743     main.obj
 0003:00001752       ??0062                     00409752     main.obj
 0003:00001761       ??0063                     00409761     main.obj
 0003:00001770       ??0064                     00409770     main.obj
 0003:0000177f       ??0065                     0040977f     main.obj
 0003:0000178e       ??0066                     0040978e     main.obj
 0003:0000179e       ??0067                     0040979e     main.obj
 0003:000017ad       ??0068                     004097ad     main.obj
 0003:00001804       ??0069                     00409804     main.obj
 0003:0000185c       ??006A                     0040985c     main.obj
 0003:000018b5       ??006B                     004098b5     main.obj
 0003:0000190e       ??006C                     0040990e     main.obj
 0003:00001966       ??006D                     00409966     main.obj
 0003:000019bd       ??006E                     004099bd     main.obj
 0003:00001a15       ??006F                     00409a15     main.obj
 0003:00001a1b       ??0070                     00409a1b     main.obj
 0003:00001a3a       ??0071                     00409a3a     main.obj
 0003:00001a4f       ??0072                     00409a4f     main.obj
 0003:00001a65       ??0073                     00409a65     main.obj
 0003:00001fd0       InitFlag                   00409fd0     Irvine32:Irvine32.obj
 0003:00001fd1       xtable                     00409fd1     Irvine32:Irvine32.obj
 0003:00001fe1       blanks                     00409fe1     Irvine32:Irvine32.obj
 0003:000021e1       attribs                    0040a1e1     Irvine32:Irvine32.obj
 0003:000025e1       lineLength                 0040a5e1     Irvine32:Irvine32.obj
 0003:000025e5       cursorLoc                  0040a5e5     Irvine32:Irvine32.obj
 0003:000025e9       count                      0040a5e9     Irvine32:Irvine32.obj
 0003:000025ed       ??0002                     0040a5ed     Irvine32:Irvine32.obj
 0003:000025f2       dumpPrompt                 0040a5f2     Irvine32:Irvine32.obj
 0003:00002604       dashLine                   0040a604     Irvine32:Irvine32.obj
 0003:00002626       ??0003                     0040a626     Irvine32:Irvine32.obj
 0003:00002629       ??0004                     0040a629     Irvine32:Irvine32.obj
 0003:0000262b       ??0005                     0040a62b     Irvine32:Irvine32.obj
 0003:0000262d       saveIP                     0040a62d     Irvine32:Irvine32.obj
 0003:00002631       saveESP                    0040a631     Irvine32:Irvine32.obj
 0003:00002635       ??0006                     0040a635     Irvine32:Irvine32.obj
 0003:0000263c       ??0007                     0040a63c     Irvine32:Irvine32.obj
 0003:00002643       ??0008                     0040a643     Irvine32:Irvine32.obj
 0003:0000264a       ??0009                     0040a64a     Irvine32:Irvine32.obj
 0003:00002651       ??000A                     0040a651     Irvine32:Irvine32.obj
 0003:00002658       ??000B                     0040a658     Irvine32:Irvine32.obj
 0003:0000265f       ??000C                     0040a65f     Irvine32:Irvine32.obj
 0003:00002666       ??000D                     0040a666     Irvine32:Irvine32.obj
 0003:0000266d       ??000E                     0040a66d     Irvine32:Irvine32.obj
 0003:00002674       ??000F                     0040a674     Irvine32:Irvine32.obj
 0003:0000267b       ??0010                     0040a67b     Irvine32:Irvine32.obj
 0003:00002680       ??0011                     0040a680     Irvine32:Irvine32.obj
 0003:00002682       ??0013                     0040a682     Irvine32:Irvine32.obj
 0003:00002687       ??0014                     0040a687     Irvine32:Irvine32.obj
 0003:00002689       ??0016                     0040a689     Irvine32:Irvine32.obj
 0003:0000268e       ??0017                     0040a68e     Irvine32:Irvine32.obj
 0003:00002690       ??0019                     0040a690     Irvine32:Irvine32.obj
 0003:00002695       ??001A                     0040a695     Irvine32:Irvine32.obj
 0003:00002697       ??001C                     0040a697     Irvine32:Irvine32.obj
 0003:0000269c       ??001D                     0040a69c     Irvine32:Irvine32.obj
 0003:0000269e       ??001F                     0040a69e     Irvine32:Irvine32.obj
 0003:000026a3       ??0020                     0040a6a3     Irvine32:Irvine32.obj
 0003:000026a5       _cursorPosition            0040a6a5     Irvine32:Irvine32.obj
 0003:000026a9       @zx02abc_def_caption       0040a6a9     Irvine32:Irvine32.obj
 0003:000026ab       @zq02abc_def_caption       0040a6ab     Irvine32:Irvine32.obj
 0003:000026ad       overflow_msgL              0040a6ad     Irvine32:Irvine32.obj
 0003:000026c8       invalid_msgL               0040a6c8     Irvine32:Irvine32.obj
 0003:000026db       seed                       0040a6db     Irvine32:Irvine32.obj
 0003:000026df       xbtable                    0040a6df     Irvine32:Irvine32.obj
 0003:000026f6       numVal                     0040a6f6     Irvine32:Irvine32.obj
 0003:000026fa       charVal                    0040a6fa     Irvine32:Irvine32.obj
 0003:000026fb       evBuffer                   0040a6fb     Irvine32:Irvine32.obj
 0003:0000270f       evRepeat                   0040a70f     Irvine32:Irvine32.obj
 0003:00002711       SpecialCases               0040a711     Irvine32:Irvine32.obj
 0003:00002752       _$$temp                    0040a752     Irvine32:Irvine32.obj
 0003:00002756       waitmsgstr                 0040a756     Irvine32:Irvine32.obj
 0003:00002773       bufferL                    0040a773     Irvine32:Irvine32.obj
 0003:00002780       bufferLHB                  0040a780     Irvine32:Irvine32.obj
 0003:00002789       buffer_B                   0040a789     Irvine32:Irvine32.obj
 0003:00002796       neg_flag                   0040a796     Irvine32:Irvine32.obj
 0003:00002797       LblStack                   0040a797     Irvine32:Irvine32.obj
 0003:000027a4       LblFor                     0040a7a4     Irvine32:Irvine32.obj
 0003:000027a9       LblEbp                     0040a7a9     Irvine32:Irvine32.obj
 0003:000027af       LblParam                   0040a7af     Irvine32:Irvine32.obj
 0003:000027bc       LblEbpPtr                  0040a7bc     Irvine32:Irvine32.obj
 0003:000027d2       LblSaved                   0040a7d2     Irvine32:Irvine32.obj
 0003:000027e4       LblLocal                   0040a7e4     Irvine32:Irvine32.obj
 0003:000027f6       LblReturn                  0040a7f6     Irvine32:Irvine32.obj
 0003:00002808       LblEsp                     0040a808     Irvine32:Irvine32.obj
 0003:00002814       BadStackFrameMsg           0040a814     Irvine32:Irvine32.obj
 0003:0000282f       NoName                     0040a82f     Irvine32:Irvine32.obj
 0003:00002830       WriteToFile_1              0040a830     Irvine32:Irvine32.obj
 0003:00002834       WriteWindowsMsg_1          0040a834     Irvine32:Irvine32.obj
 0003:0000283b       WriteWindowsMsg_2          0040a83b     Irvine32:Irvine32.obj
 0003:0000283e       pErrorMsg                  0040a83e     Irvine32:Irvine32.obj
 0003:00002842       messageId                  0040a842     Irvine32:Irvine32.obj
 0003:00002b00       consoleInHandle            0040ab00     Irvine32:Irvine32.obj
 0003:00002b04       consoleOutHandle           0040ab04     Irvine32:Irvine32.obj
 0003:00002b08       bytesWritten               0040ab08     Irvine32:Irvine32.obj
 0003:00002b0c       eflags                     0040ab0c     Irvine32:Irvine32.obj
 0003:00002b10       digitBuffer                0040ab10     Irvine32:Irvine32.obj
 0003:00002b61       buffer                     0040ab61     Irvine32:Irvine32.obj
 0003:00002d61       bytesRead                  0040ad61     Irvine32:Irvine32.obj
 0003:00002d65       sysTime                    0040ad65     Irvine32:Irvine32.obj
 0004:000003de       .idata$6                   0040b3de     kernel32:KERNEL32.dll
 0004:00000408       .idata$6                   0040b408     user32:USER32.dll
 0005:00000170       $R000000                   0040c170     * linker generated manifest res *
